[22:42:45] [Yara DETECT] File: C:\Nexon\EA SPORTS(TM) FC ONLINE\chrome_elf.dll | Rules Matched: PE_Process_Injection_Toolmark
[22:42:46] [Yara DETECT] File: C:\Nexon\NexonPlug\chrome_elf.dll | Rules Matched: PE_Process_Injection_Toolmark
[22:42:50] [Yara DETECT] File: C:\Program Files\BlueStacks_nxt\BlueStacksAppplayerWeb.exe | Rules Matched: PE_Process_Injection_Toolmark
[22:42:56] [Yara DETECT] File: C:\Program Files\Git\mingw64\bin\gcmcore.dll | Rules Matched: Suspicious_PowerShell_Loader
[22:42:57] [Yara DETECT] File: C:\Program Files\Git\mingw64\bin\git-lfs.exe | Rules Matched: Suspicious_PowerShell_Loader
[22:42:59] [Yara DETECT] File: C:\Program Files\Git\mingw64\libexec\git-core\gcmcore.dll | Rules Matched: Suspicious_PowerShell_Loader
[22:43:03] [Yara DETECT] File: C:\Program Files\Git\usr\bin\msys-2.0.dll | Rules Matched: PE_Process_Injection_Toolmark
[22:43:14] [Yara DETECT] File: C:\Program Files\GitExtensions\GitUI.dll | Rules Matched: Suspicious_PowerShell_Loader
[22:43:15] [Yara DETECT] File: C:\Program Files\GitExtensions\ConEmu\ConEmuCD.dll | Rules Matched: PE_Process_Injection_Toolmark
[22:43:15] [Yara DETECT] File: C:\Program Files\GitExtensions\ConEmu\ConEmuCD64.dll | Rules Matched: PE_Process_Injection_Toolmark
[22:43:18] [Yara DETECT] File: C:\Program Files\Google\Chrome\Application\chrome.exe | Rules Matched: PE_Process_Injection_Toolmark
[22:43:18] [Yara DETECT] File: C:\Program Files\Google\Chrome\Application\new_chrome.exe | Rules Matched: PE_Process_Injection_Toolmark
[22:43:23] [Yara DETECT] File: C:\Program Files (x86)\BlueStacks X\BlueStacksWeb.exe | Rules Matched: PE_Process_Injection_Toolmark
[22:43:31] [Yara DETECT] File: C:\Program Files (x86)\ESTsoft\ALToolsManager\TaskbarPin.exe | Rules Matched: PE_Process_Injection_Toolmark
[22:43:31] [Yara DETECT] File: C:\Program Files (x86)\Microsoft\Edge\Application\msedge.exe | Rules Matched: PE_Process_Injection_Toolmark
[22:43:32] [Yara DETECT] File: C:\Program Files (x86)\Microsoft\Edge\Application\146.0.3856.97\mscopilot.exe | Rules Matched: PE_Process_Injection_Toolmark
[22:43:32] [Yara DETECT] File: C:\Program Files (x86)\Microsoft\Edge\Application\146.0.3856.97\msedge.exe | Rules Matched: PE_Process_Injection_Toolmark
[22:43:32] [Yara DETECT] File: C:\Program Files (x86)\Microsoft\Edge\Application\146.0.3856.97\msedgewebview2.exe | Rules Matched: PE_Process_Injection_Toolmark
[22:43:32] [Yara DETECT] File: C:\Program Files (x86)\Microsoft\EdgeCore\146.0.3856.84\mscopilot.exe | Rules Matched: PE_Process_Injection_Toolmark
[22:43:32] [Yara DETECT] File: C:\Program Files (x86)\Microsoft\EdgeCore\146.0.3856.84\msedge.exe | Rules Matched: PE_Process_Injection_Toolmark
[22:43:32] [Yara DETECT] File: C:\Program Files (x86)\Microsoft\EdgeCore\146.0.3856.84\msedgewebview2.exe | Rules Matched: PE_Process_Injection_Toolmark
[22:43:33] [Yara DETECT] File: C:\Program Files (x86)\Microsoft\EdgeCore\146.0.3856.97\mscopilot.exe | Rules Matched: PE_Process_Injection_Toolmark
[22:43:33] [Yara DETECT] File: C:\Program Files (x86)\Microsoft\EdgeCore\146.0.3856.97\msedge.exe | Rules Matched: PE_Process_Injection_Toolmark
[22:43:33] [Yara DETECT] File: C:\Program Files (x86)\Microsoft\EdgeCore\146.0.3856.97\msedgewebview2.exe | Rules Matched: PE_Process_Injection_Toolmark
[22:43:34] [Yara DETECT] File: C:\Program Files (x86)\Microsoft\EdgeCore\Optimized\mscopilot.exe | Rules Matched: PE_Process_Injection_Toolmark
[22:43:34] [Yara DETECT] File: C:\Program Files (x86)\Microsoft\EdgeCore\Optimized\msedge.exe | Rules Matched: PE_Process_Injection_Toolmark
[22:43:34] [Yara DETECT] File: C:\Program Files (x86)\Microsoft\EdgeCore\Optimized\msedgewebview2.exe | Rules Matched: PE_Process_Injection_Toolmark
[22:43:34] [Yara DETECT] File: C:\Program Files (x86)\Microsoft\EdgeWebView\Application\146.0.3856.84\mscopilot.exe | Rules Matched: PE_Process_Injection_Toolmark
[22:43:34] [Yara DETECT] File: C:\Program Files (x86)\Microsoft\EdgeWebView\Application\146.0.3856.84\msedge.exe | Rules Matched: PE_Process_Injection_Toolmark
[22:43:34] [Yara DETECT] File: C:\Program Files (x86)\Microsoft\EdgeWebView\Application\146.0.3856.84\msedgewebview2.exe | Rules Matched: PE_Process_Injection_Toolmark
[22:43:35] [Yara DETECT] File: C:\Program Files (x86)\Microsoft\EdgeWebView\Application\146.0.3856.97\mscopilot.exe | Rules Matched: PE_Process_Injection_Toolmark
[22:43:35] [Yara DETECT] File: C:\Program Files (x86)\Microsoft\EdgeWebView\Application\146.0.3856.97\msedge.exe | Rules Matched: PE_Process_Injection_Toolmark
[22:43:35] [Yara DETECT] File: C:\Program Files (x86)\Microsoft\EdgeWebView\Application\146.0.3856.97\msedgewebview2.exe | Rules Matched: PE_Process_Injection_Toolmark
[22:43:38] [Yara DETECT] File: C:\Program Files (x86)\Steam\bin\cef\cef.win64\steamwebhelper.exe | Rules Matched: PE_Process_Injection_Toolmark
[22:43:39] [Yara DETECT] File: C:\Program Files (x86)\Steam\bin\cef\cef.win7x64\steamwebhelper.exe | Rules Matched: PE_Process_Injection_Toolmark
[22:43:46] [Yara DETECT] File: C:\Program Files (x86)\Steam\steamapps\common\wallpaper_engine\bin\applicationwallpaperinject32.exe | Rules Matched: PE_Process_Injection_Toolmark
[22:43:46] [Yara DETECT] File: C:\Program Files (x86)\Steam\steamapps\common\wallpaper_engine\bin\applicationwallpaperinject64.exe | Rules Matched: PE_Process_Injection_Toolmark
[22:43:47] [Yara DETECT] File: C:\Program Files (x86)\Steam\steamapps\common\wallpaper_engine\distribution\bin\applicationwallpaperinject32.exe | Rules Matched: PE_Process_Injection_Toolmark
[22:43:47] [Yara DETECT] File: C:\Program Files (x86)\Steam\steamapps\common\wallpaper_engine\distribution\bin\applicationwallpaperinject64.exe | Rules Matched: PE_Process_Injection_Toolmark
[22:43:55] Initial Yara scan complete. Scanned 4491 files, matched 39 files.
[22:57:11] [Yara DETECT] File: C:\Nexon\EA SPORTS(TM) FC ONLINE\chrome_elf.dll | Rules Matched: PE_Process_Injection_Toolmark
[22:57:12] [Yara DETECT] File: C:\Nexon\NexonPlug\chrome_elf.dll | Rules Matched: PE_Process_Injection_Toolmark
[22:57:12] [Yara DETECT] File: C:\Program Files\BlueStacks_nxt\BlueStacksAppplayerWeb.exe | Rules Matched: PE_Process_Injection_Toolmark
[22:57:13] [Yara DETECT] File: C:\Program Files\Git\mingw64\bin\gcmcore.dll | Rules Matched: Suspicious_PowerShell_Loader
[22:57:13] [Yara DETECT] File: C:\Program Files\Git\mingw64\bin\git-lfs.exe | Rules Matched: Suspicious_PowerShell_Loader
[22:57:13] [Yara DETECT] File: C:\Program Files\Git\mingw64\libexec\git-core\gcmcore.dll | Rules Matched: Suspicious_PowerShell_Loader
[22:57:14] [Yara DETECT] File: C:\Program Files\Git\usr\bin\msys-2.0.dll | Rules Matched: PE_Process_Injection_Toolmark
[22:57:14] [Yara DETECT] File: C:\Program Files\GitExtensions\GitUI.dll | Rules Matched: Suspicious_PowerShell_Loader
[22:57:14] [Yara DETECT] File: C:\Program Files\GitExtensions\ConEmu\ConEmuCD.dll | Rules Matched: PE_Process_Injection_Toolmark
[22:57:14] [Yara DETECT] File: C:\Program Files\GitExtensions\ConEmu\ConEmuCD64.dll | Rules Matched: PE_Process_Injection_Toolmark
[22:57:14] [Yara DETECT] File: C:\Program Files\Google\Chrome\Application\chrome.exe | Rules Matched: PE_Process_Injection_Toolmark
[22:57:14] [Yara DETECT] File: C:\Program Files\Google\Chrome\Application\new_chrome.exe | Rules Matched: PE_Process_Injection_Toolmark
[22:57:16] [Yara DETECT] File: C:\Program Files (x86)\BlueStacks X\BlueStacksWeb.exe | Rules Matched: PE_Process_Injection_Toolmark
[22:57:17] [Yara DETECT] File: C:\Program Files (x86)\ESTsoft\ALToolsManager\TaskbarPin.exe | Rules Matched: PE_Process_Injection_Toolmark
[22:57:17] [Yara DETECT] File: C:\Program Files (x86)\Microsoft\Edge\Application\msedge.exe | Rules Matched: PE_Process_Injection_Toolmark
[22:57:17] [Yara DETECT] File: C:\Program Files (x86)\Microsoft\Edge\Application\146.0.3856.97\mscopilot.exe | Rules Matched: PE_Process_Injection_Toolmark
[22:57:17] [Yara DETECT] File: C:\Program Files (x86)\Microsoft\Edge\Application\146.0.3856.97\msedge.exe | Rules Matched: PE_Process_Injection_Toolmark
[22:57:17] [Yara DETECT] File: C:\Program Files (x86)\Microsoft\Edge\Application\146.0.3856.97\msedgewebview2.exe | Rules Matched: PE_Process_Injection_Toolmark
[22:57:17] [Yara DETECT] File: C:\Program Files (x86)\Microsoft\EdgeCore\146.0.3856.84\mscopilot.exe | Rules Matched: PE_Process_Injection_Toolmark
[22:57:17] [Yara DETECT] File: C:\Program Files (x86)\Microsoft\EdgeCore\146.0.3856.84\msedge.exe | Rules Matched: PE_Process_Injection_Toolmark
[22:57:17] [Yara DETECT] File: C:\Program Files (x86)\Microsoft\EdgeCore\146.0.3856.84\msedgewebview2.exe | Rules Matched: PE_Process_Injection_Toolmark
[22:57:18] [Yara DETECT] File: C:\Program Files (x86)\Microsoft\EdgeCore\146.0.3856.97\mscopilot.exe | Rules Matched: PE_Process_Injection_Toolmark
[22:57:18] [Yara DETECT] File: C:\Program Files (x86)\Microsoft\EdgeCore\146.0.3856.97\msedge.exe | Rules Matched: PE_Process_Injection_Toolmark
[22:57:18] [Yara DETECT] File: C:\Program Files (x86)\Microsoft\EdgeCore\146.0.3856.97\msedgewebview2.exe | Rules Matched: PE_Process_Injection_Toolmark
[22:57:18] [Yara DETECT] File: C:\Program Files (x86)\Microsoft\EdgeCore\Optimized\mscopilot.exe | Rules Matched: PE_Process_Injection_Toolmark
[22:57:18] [Yara DETECT] File: C:\Program Files (x86)\Microsoft\EdgeCore\Optimized\msedge.exe | Rules Matched: PE_Process_Injection_Toolmark
[22:57:18] [Yara DETECT] File: C:\Program Files (x86)\Microsoft\EdgeCore\Optimized\msedgewebview2.exe | Rules Matched: PE_Process_Injection_Toolmark
[22:57:19] [Yara DETECT] File: C:\Program Files (x86)\Microsoft\EdgeWebView\Application\146.0.3856.84\mscopilot.exe | Rules Matched: PE_Process_Injection_Toolmark
[22:57:19] [Yara DETECT] File: C:\Program Files (x86)\Microsoft\EdgeWebView\Application\146.0.3856.84\msedge.exe | Rules Matched: PE_Process_Injection_Toolmark
[22:57:19] [Yara DETECT] File: C:\Program Files (x86)\Microsoft\EdgeWebView\Application\146.0.3856.84\msedgewebview2.exe | Rules Matched: PE_Process_Injection_Toolmark
[22:57:19] [Yara DETECT] File: C:\Program Files (x86)\Microsoft\EdgeWebView\Application\146.0.3856.97\mscopilot.exe | Rules Matched: PE_Process_Injection_Toolmark
[22:57:19] [Yara DETECT] File: C:\Program Files (x86)\Microsoft\EdgeWebView\Application\146.0.3856.97\msedge.exe | Rules Matched: PE_Process_Injection_Toolmark
[22:57:19] [Yara DETECT] File: C:\Program Files (x86)\Microsoft\EdgeWebView\Application\146.0.3856.97\msedgewebview2.exe | Rules Matched: PE_Process_Injection_Toolmark
[22:57:20] [Yara DETECT] File: C:\Program Files (x86)\Steam\bin\cef\cef.win64\steamwebhelper.exe | Rules Matched: PE_Process_Injection_Toolmark
[22:57:20] [Yara DETECT] File: C:\Program Files (x86)\Steam\bin\cef\cef.win7x64\steamwebhelper.exe | Rules Matched: PE_Process_Injection_Toolmark
[22:57:21] [Yara DETECT] File: C:\Program Files (x86)\Steam\steamapps\common\wallpaper_engine\bin\applicationwallpaperinject32.exe | Rules Matched: PE_Process_Injection_Toolmark
[22:57:21] [Yara DETECT] File: C:\Program Files (x86)\Steam\steamapps\common\wallpaper_engine\bin\applicationwallpaperinject64.exe | Rules Matched: PE_Process_Injection_Toolmark
[22:57:22] [Yara DETECT] File: C:\Program Files (x86)\Steam\steamapps\common\wallpaper_engine\distribution\bin\applicationwallpaperinject32.exe | Rules Matched: PE_Process_Injection_Toolmark
[22:57:22] [Yara DETECT] File: C:\Program Files (x86)\Steam\steamapps\common\wallpaper_engine\distribution\bin\applicationwallpaperinject64.exe | Rules Matched: PE_Process_Injection_Toolmark
[22:57:28] [Yara DETECT] File: C:\Program Files (x86)\VMware\VMware Workstation\bin\vctl.exe | Rules Matched: Suspicious_PowerShell_Loader
[22:57:31] [Yara DETECT] File: C:\ProgramData\Microsoft\Windows Defender\Platform\4.18.26010.5-0\MpDlp.dll | Rules Matched: PE_Process_Injection_Toolmark
[22:57:31] [Yara DETECT] File: C:\ProgramData\Microsoft\Windows Defender\Platform\4.18.26010.5-0\MpRtp.dll | Rules Matched: PE_Process_Injection_Toolmark
[22:57:32] [Yara DETECT] File: C:\ProgramData\Microsoft\Windows Defender\Platform\4.18.26020.6-0\MpDlp.dll | Rules Matched: PE_Process_Injection_Toolmark
[22:57:32] [Yara DETECT] File: C:\ProgramData\Microsoft\Windows Defender\Platform\4.18.26020.6-0\MpRtp.dll | Rules Matched: PE_Process_Injection_Toolmark
[22:57:39] [Yara DETECT] File: C:\Riot Games\League of Legends\chrome_elf.dll | Rules Matched: PE_Process_Injection_Toolmark
[22:57:42] [Yara DETECT] File: C:\Users\ybi65\.antigravity\extensions\ms-python.debugpy-2025.18.0-win32-x64\bundled\libs\debugpy\_vendored\pydevd\pydevd_attach_to_process\inject_dll_amd64.exe | Rules Matched: PE_Process_Injection_Toolmark
[22:57:42] [Yara DETECT] File: C:\Users\ybi65\.antigravity\extensions\ms-python.debugpy-2025.18.0-win32-x64\bundled\libs\debugpy\_vendored\pydevd\pydevd_attach_to_process\inject_dll_x86.exe | Rules Matched: PE_Process_Injection_Toolmark
[22:57:53] [Yara DETECT] File: C:\Users\ybi65\.vscode\extensions\ms-python.debugpy-2025.18.0-win32-x64\bundled\libs\debugpy\_vendored\pydevd\pydevd_attach_to_process\inject_dll_amd64.exe | Rules Matched: PE_Process_Injection_Toolmark
[22:57:53] [Yara DETECT] File: C:\Users\ybi65\.vscode\extensions\ms-python.debugpy-2025.18.0-win32-x64\bundled\libs\debugpy\_vendored\pydevd\pydevd_attach_to_process\inject_dll_x86.exe | Rules Matched: PE_Process_Injection_Toolmark
[22:58:42] [Yara DETECT] File: C:\Users\ybi65\AppData\Local\Programs\Antigravity\resources\app\out\vs\workbench\workbench.desktop.main.js | Rules Matched: Suspicious_PowerShell_Loader
[22:58:45] [Yara DETECT] File: C:\Users\ybi65\AppData\Local\Programs\cursor\resources\app\extensions\cursor-agent-exec\dist\main.js | Rules Matched: Suspicious_PowerShell_Loader
[22:58:47] [Yara DETECT] File: C:\Users\ybi65\AppData\Local\Programs\cursor\resources\app\extensions\cursor-retrieval\dist\main.js | Rules Matched: Suspicious_PowerShell_Loader
[22:58:59] [Yara DETECT] File: C:\Users\ybi65\AppData\Local\Programs\cursor\resources\app\out\vs\workbench\api\node\extensionHostProcess.js | Rules Matched: Suspicious_PowerShell_Loader
[22:59:18] [Yara DETECT] File: C:\Users\ybi65\AppData\Local\Programs\Microsoft VS Code\07ff9d6178\resources\app\out\vs\sessions\sessions.desktop.main.js | Rules Matched: Suspicious_PowerShell_Loader
[22:59:19] [Yara DETECT] File: C:\Users\ybi65\AppData\Local\Programs\Microsoft VS Code\07ff9d6178\resources\app\out\vs\workbench\workbench.desktop.main.js | Rules Matched: Suspicious_PowerShell_Loader
[22:59:39] [Yara DETECT] File: C:\Users\ybi65\AppData\Local\Programs\Microsoft VS Code\cfbea10c5f\resources\app\out\vs\sessions\sessions.desktop.main.js | Rules Matched: Suspicious_PowerShell_Loader
[22:59:39] [Yara DETECT] File: C:\Users\ybi65\AppData\Local\Programs\Microsoft VS Code\cfbea10c5f\resources\app\out\vs\workbench\workbench.desktop.main.js | Rules Matched: Suspicious_PowerShell_Loader
[22:59:58] [Yara DETECT] File: C:\Users\ybi65\AppData\Local\Programs\Python\Python312\Lib\site-packages\PySide6\QtWebEngineProcess.exe | Rules Matched: PE_Process_Injection_Toolmark
[23:00:07] [Yara DETECT] File: C:\Users\ybi65\AppData\Roaming\Antigravity\User\History\3ae9537f\Y5af.txt | Rules Matched: Mock_Hacker_Testing
[23:00:17] [Yara DETECT] File: C:\Users\ybi65\OneDrive\Desktop\testing_malware.txt.txt | Rules Matched: Mock_Hacker_Testing
[23:00:17] [Yara DETECT] File: C:\Users\ybi65\OneDrive\Desktop\capstone\ps_test.txt | Rules Matched: Suspicious_PowerShell_Loader
[23:00:17] [Yara DETECT] File: C:\Users\ybi65\OneDrive\Desktop\capstone\scanner_test\loader.ps1 | Rules Matched: Suspicious_PowerShell_Loader
[23:00:17] [Yara DETECT] File: C:\Users\ybi65\OneDrive\Desktop\capstone\scanner_test\note.txt | Rules Matched: Generic_Ransomware_Note
[23:00:17] [Yara DETECT] File: C:\Windows\assembly\GAC_MSIL\System.Management.Automation\1.0.0.0__31bf3856ad364e35\System.Management.Automation.dll | Rules Matched: Suspicious_PowerShell_Loader
[23:00:21] [Yara DETECT] File: C:\Windows\assembly\NativeImages_v2.0.50727_64\System.Management.A#\61d3433b0bdde9309f0c6382a1168385\System.Management.Automation.ni.dll | Rules Matched: Suspicious_PowerShell_Loader
[23:00:23] [Yara DETECT] File: C:\Windows\assembly\NativeImages_v4.0.30319_64\Microsoft.P521220ea#\152aa9a6d23f8ee37af16554ddecb17d\Microsoft.PowerShell.Commands.Utility.ni.dll | Rules Matched: Suspicious_PowerShell_Loader
[23:00:25] [Yara DETECT] File: C:\Windows\assembly\NativeImages_v4.0.30319_64\System.Manaa57fc8cc#\eda57493feda1c9930337a6de3cd461e\System.Management.Automation.ni.dll | Rules Matched: Suspicious_PowerShell_Loader
[23:00:28] [Yara DETECT] File: C:\Windows\Microsoft.NET\assembly\GAC_MSIL\Microsoft.PowerShell.Commands.Utility\v4.0_3.0.0.0__31bf3856ad364e35\Microsoft.PowerShell.Commands.Utility.dll | Rules Matched: Suspicious_PowerShell_Loader
[23:00:28] [Yara DETECT] File: C:\Windows\Microsoft.NET\assembly\GAC_MSIL\System.Management.Automation\v4.0_3.0.0.0__31bf3856ad364e35\System.Management.Automation.dll | Rules Matched: Suspicious_PowerShell_Loader
[23:00:38] Initial Yara scan complete. Scanned 11447 files, matched 69 files.
[23:00:38] Initial full-drive Yara scan finished. Continuing to monitor for file changes.
[23:08:43] Preparing Yara scan for: C:\, C:\Config.Msi
[23:08:44] [Yara DETECT] File: C:\Nexon\EA SPORTS(TM) FC ONLINE\chrome_elf.dll | Rules Matched: PE_Process_Injection_Toolmark
[23:08:44] [Yara DETECT] File: C:\Nexon\NexonPlug\chrome_elf.dll | Rules Matched: PE_Process_Injection_Toolmark
[23:08:45] [Yara DETECT] File: C:\Program Files\BlueStacks_nxt\BlueStacksAppplayerWeb.exe | Rules Matched: PE_Process_Injection_Toolmark
[23:08:48] [Yara DETECT] File: C:\Program Files\Git\mingw64\bin\gcmcore.dll | Rules Matched: Suspicious_PowerShell_Loader
[23:08:48] [Yara DETECT] File: C:\Program Files\Git\mingw64\bin\git-lfs.exe | Rules Matched: Suspicious_PowerShell_Loader
[23:08:48] [Yara DETECT] File: C:\Program Files\Git\mingw64\libexec\git-core\gcmcore.dll | Rules Matched: Suspicious_PowerShell_Loader
[23:08:49] [Yara DETECT] File: C:\Program Files\Git\usr\bin\msys-2.0.dll | Rules Matched: PE_Process_Injection_Toolmark
[23:08:50] [Yara DETECT] File: C:\Program Files\GitExtensions\GitUI.dll | Rules Matched: Suspicious_PowerShell_Loader
[23:08:50] [Yara DETECT] File: C:\Program Files\GitExtensions\ConEmu\ConEmuCD.dll | Rules Matched: PE_Process_Injection_Toolmark
[23:08:50] [Yara DETECT] File: C:\Program Files\GitExtensions\ConEmu\ConEmuCD64.dll | Rules Matched: PE_Process_Injection_Toolmark
[23:08:50] [Yara DETECT] File: C:\Program Files\Google\Chrome\Application\chrome.exe | Rules Matched: PE_Process_Injection_Toolmark
[23:08:50] [Yara DETECT] File: C:\Program Files\Google\Chrome\Application\new_chrome.exe | Rules Matched: PE_Process_Injection_Toolmark
[23:08:54] [Yara DETECT] File: C:\Program Files (x86)\BlueStacks X\BlueStacksWeb.exe | Rules Matched: PE_Process_Injection_Toolmark
[23:08:56] [Yara DETECT] File: C:\Program Files (x86)\ESTsoft\ALToolsManager\TaskbarPin.exe | Rules Matched: PE_Process_Injection_Toolmark
[23:08:56] [Yara DETECT] File: C:\Program Files (x86)\Microsoft\Edge\Application\msedge.exe | Rules Matched: PE_Process_Injection_Toolmark
[23:08:56] [Yara DETECT] File: C:\Program Files (x86)\Microsoft\Edge\Application\146.0.3856.97\mscopilot.exe | Rules Matched: PE_Process_Injection_Toolmark
[23:08:56] [Yara DETECT] File: C:\Program Files (x86)\Microsoft\Edge\Application\146.0.3856.97\msedge.exe | Rules Matched: PE_Process_Injection_Toolmark
[23:08:56] [Yara DETECT] File: C:\Program Files (x86)\Microsoft\Edge\Application\146.0.3856.97\msedgewebview2.exe | Rules Matched: PE_Process_Injection_Toolmark
[23:08:57] [Yara DETECT] File: C:\Program Files (x86)\Microsoft\EdgeCore\146.0.3856.84\mscopilot.exe | Rules Matched: PE_Process_Injection_Toolmark
[23:08:57] [Yara DETECT] File: C:\Program Files (x86)\Microsoft\EdgeCore\146.0.3856.84\msedge.exe | Rules Matched: PE_Process_Injection_Toolmark
[23:08:57] [Yara DETECT] File: C:\Program Files (x86)\Microsoft\EdgeCore\146.0.3856.84\msedgewebview2.exe | Rules Matched: PE_Process_Injection_Toolmark
[23:08:58] [Yara DETECT] File: C:\Program Files (x86)\Microsoft\EdgeCore\146.0.3856.97\mscopilot.exe | Rules Matched: PE_Process_Injection_Toolmark
[23:08:58] [Yara DETECT] File: C:\Program Files (x86)\Microsoft\EdgeCore\146.0.3856.97\msedge.exe | Rules Matched: PE_Process_Injection_Toolmark
[23:08:58] [Yara DETECT] File: C:\Program Files (x86)\Microsoft\EdgeCore\146.0.3856.97\msedgewebview2.exe | Rules Matched: PE_Process_Injection_Toolmark
[23:08:58] [Yara DETECT] File: C:\Program Files (x86)\Microsoft\EdgeCore\Optimized\mscopilot.exe | Rules Matched: PE_Process_Injection_Toolmark
[23:08:58] [Yara DETECT] File: C:\Program Files (x86)\Microsoft\EdgeCore\Optimized\msedge.exe | Rules Matched: PE_Process_Injection_Toolmark
[23:08:58] [Yara DETECT] File: C:\Program Files (x86)\Microsoft\EdgeCore\Optimized\msedgewebview2.exe | Rules Matched: PE_Process_Injection_Toolmark
[23:08:59] [Yara DETECT] File: C:\Program Files (x86)\Microsoft\EdgeWebView\Application\146.0.3856.84\mscopilot.exe | Rules Matched: PE_Process_Injection_Toolmark
[23:08:59] [Yara DETECT] File: C:\Program Files (x86)\Microsoft\EdgeWebView\Application\146.0.3856.84\msedge.exe | Rules Matched: PE_Process_Injection_Toolmark
[23:08:59] [Yara DETECT] File: C:\Program Files (x86)\Microsoft\EdgeWebView\Application\146.0.3856.84\msedgewebview2.exe | Rules Matched: PE_Process_Injection_Toolmark
[23:08:59] [Yara DETECT] File: C:\Program Files (x86)\Microsoft\EdgeWebView\Application\146.0.3856.97\mscopilot.exe | Rules Matched: PE_Process_Injection_Toolmark
[23:08:59] [Yara DETECT] File: C:\Program Files (x86)\Microsoft\EdgeWebView\Application\146.0.3856.97\msedge.exe | Rules Matched: PE_Process_Injection_Toolmark
[23:08:59] [Yara DETECT] File: C:\Program Files (x86)\Microsoft\EdgeWebView\Application\146.0.3856.97\msedgewebview2.exe | Rules Matched: PE_Process_Injection_Toolmark
[23:09:01] [Yara DETECT] File: C:\Program Files (x86)\Steam\bin\cef\cef.win64\steamwebhelper.exe | Rules Matched: PE_Process_Injection_Toolmark
[23:09:02] [Yara DETECT] File: C:\Program Files (x86)\Steam\bin\cef\cef.win7x64\steamwebhelper.exe | Rules Matched: PE_Process_Injection_Toolmark
[23:09:04] [Yara DETECT] File: C:\Program Files (x86)\Steam\steamapps\common\wallpaper_engine\bin\applicationwallpaperinject32.exe | Rules Matched: PE_Process_Injection_Toolmark
[23:09:04] [Yara DETECT] File: C:\Program Files (x86)\Steam\steamapps\common\wallpaper_engine\bin\applicationwallpaperinject64.exe | Rules Matched: PE_Process_Injection_Toolmark
[23:09:05] [Yara DETECT] File: C:\Program Files (x86)\Steam\steamapps\common\wallpaper_engine\distribution\bin\applicationwallpaperinject32.exe | Rules Matched: PE_Process_Injection_Toolmark
[23:09:05] [Yara DETECT] File: C:\Program Files (x86)\Steam\steamapps\common\wallpaper_engine\distribution\bin\applicationwallpaperinject64.exe | Rules Matched: PE_Process_Injection_Toolmark
[23:09:08] [Yara DETECT] File: C:\Program Files (x86)\VMware\VMware Workstation\bin\vctl.exe | Rules Matched: Suspicious_PowerShell_Loader
[23:09:10] [Yara DETECT] File: C:\ProgramData\Microsoft\Windows Defender\Platform\4.18.26010.5-0\MpDlp.dll | Rules Matched: PE_Process_Injection_Toolmark
[23:09:10] [Yara DETECT] File: C:\ProgramData\Microsoft\Windows Defender\Platform\4.18.26010.5-0\MpRtp.dll | Rules Matched: PE_Process_Injection_Toolmark
[23:09:10] [Yara DETECT] File: C:\ProgramData\Microsoft\Windows Defender\Platform\4.18.26020.6-0\MpDlp.dll | Rules Matched: PE_Process_Injection_Toolmark
[23:09:10] [Yara DETECT] File: C:\ProgramData\Microsoft\Windows Defender\Platform\4.18.26020.6-0\MpRtp.dll | Rules Matched: PE_Process_Injection_Toolmark
[23:09:12] [Yara DETECT] File: C:\Riot Games\League of Legends\chrome_elf.dll | Rules Matched: PE_Process_Injection_Toolmark
[23:09:14] [Yara DETECT] File: C:\Users\ybi65\.antigravity\extensions\ms-python.debugpy-2025.18.0-win32-x64\bundled\libs\debugpy\_vendored\pydevd\pydevd_attach_to_process\inject_dll_amd64.exe | Rules Matched: PE_Process_Injection_Toolmark
[23:09:14] [Yara DETECT] File: C:\Users\ybi65\.antigravity\extensions\ms-python.debugpy-2025.18.0-win32-x64\bundled\libs\debugpy\_vendored\pydevd\pydevd_attach_to_process\inject_dll_x86.exe | Rules Matched: PE_Process_Injection_Toolmark
[23:09:15] [Yara DETECT] File: C:\Users\ybi65\.vscode\extensions\ms-python.debugpy-2025.18.0-win32-x64\bundled\libs\debugpy\_vendored\pydevd\pydevd_attach_to_process\inject_dll_amd64.exe | Rules Matched: PE_Process_Injection_Toolmark
[23:09:15] [Yara DETECT] File: C:\Users\ybi65\.vscode\extensions\ms-python.debugpy-2025.18.0-win32-x64\bundled\libs\debugpy\_vendored\pydevd\pydevd_attach_to_process\inject_dll_x86.exe | Rules Matched: PE_Process_Injection_Toolmark
[23:09:20] [Yara DETECT] File: C:\Users\ybi65\AppData\Local\Programs\Antigravity\resources\app\out\vs\workbench\workbench.desktop.main.js | Rules Matched: Suspicious_PowerShell_Loader
[23:09:20] [Yara DETECT] File: C:\Users\ybi65\AppData\Local\Programs\cursor\resources\app\extensions\cursor-agent-exec\dist\main.js | Rules Matched: Suspicious_PowerShell_Loader
[23:09:21] [Yara DETECT] File: C:\Users\ybi65\AppData\Local\Programs\cursor\resources\app\extensions\cursor-retrieval\dist\main.js | Rules Matched: Suspicious_PowerShell_Loader
[23:09:21] [Yara DETECT] File: C:\Users\ybi65\AppData\Local\Programs\cursor\resources\app\out\vs\workbench\api\node\extensionHostProcess.js | Rules Matched: Suspicious_PowerShell_Loader
[23:09:21] [Yara DETECT] File: C:\Users\ybi65\AppData\Local\Programs\Microsoft VS Code\07ff9d6178\resources\app\out\vs\sessions\sessions.desktop.main.js | Rules Matched: Suspicious_PowerShell_Loader
[23:09:22] [Yara DETECT] File: C:\Users\ybi65\AppData\Local\Programs\Microsoft VS Code\07ff9d6178\resources\app\out\vs\workbench\workbench.desktop.main.js | Rules Matched: Suspicious_PowerShell_Loader
[23:09:22] [Yara DETECT] File: C:\Users\ybi65\AppData\Local\Programs\Microsoft VS Code\cfbea10c5f\resources\app\out\vs\sessions\sessions.desktop.main.js | Rules Matched: Suspicious_PowerShell_Loader
[23:09:22] [Yara DETECT] File: C:\Users\ybi65\AppData\Local\Programs\Microsoft VS Code\cfbea10c5f\resources\app\out\vs\workbench\workbench.desktop.main.js | Rules Matched: Suspicious_PowerShell_Loader
[23:09:25] [Yara DETECT] File: C:\Users\ybi65\AppData\Local\Programs\Python\Python312\Lib\site-packages\PySide6\QtWebEngineProcess.exe | Rules Matched: PE_Process_Injection_Toolmark
[23:09:26] [Yara DETECT] File: C:\Users\ybi65\AppData\Roaming\Antigravity\User\History\3ae9537f\Y5af.txt | Rules Matched: Mock_Hacker_Testing
[23:09:28] [Yara DETECT] File: C:\Users\ybi65\OneDrive\Desktop\testing_malware.txt.txt | Rules Matched: Mock_Hacker_Testing
[23:09:28] [Yara DETECT] File: C:\Users\ybi65\OneDrive\Desktop\capstone\ps_test.txt | Rules Matched: Suspicious_PowerShell_Loader
[23:09:28] [Yara DETECT] File: C:\Users\ybi65\OneDrive\Desktop\capstone\scanner_test\loader.ps1 | Rules Matched: Suspicious_PowerShell_Loader
[23:09:28] [Yara DETECT] File: C:\Users\ybi65\OneDrive\Desktop\capstone\scanner_test\note.txt | Rules Matched: Generic_Ransomware_Note
[23:09:29] [Yara DETECT] File: C:\Windows\assembly\GAC_MSIL\System.Management.Automation\1.0.0.0__31bf3856ad364e35\System.Management.Automation.dll | Rules Matched: Suspicious_PowerShell_Loader
[23:09:30] [Yara DETECT] File: C:\Windows\assembly\NativeImages_v2.0.50727_64\System.Management.A#\61d3433b0bdde9309f0c6382a1168385\System.Management.Automation.ni.dll | Rules Matched: Suspicious_PowerShell_Loader
[23:09:31] [Yara DETECT] File: C:\Windows\assembly\NativeImages_v4.0.30319_64\Microsoft.P521220ea#\152aa9a6d23f8ee37af16554ddecb17d\Microsoft.PowerShell.Commands.Utility.ni.dll | Rules Matched: Suspicious_PowerShell_Loader
[23:09:32] [Yara DETECT] File: C:\Windows\assembly\NativeImages_v4.0.30319_64\System.Manaa57fc8cc#\eda57493feda1c9930337a6de3cd461e\System.Management.Automation.ni.dll | Rules Matched: Suspicious_PowerShell_Loader
[23:09:34] [Yara DETECT] File: C:\Windows\Microsoft.NET\assembly\GAC_MSIL\Microsoft.PowerShell.Commands.Utility\v4.0_3.0.0.0__31bf3856ad364e35\Microsoft.PowerShell.Commands.Utility.dll | Rules Matched: Suspicious_PowerShell_Loader
[23:09:35] [Yara DETECT] File: C:\Windows\Microsoft.NET\assembly\GAC_MSIL\System.Management.Automation\v4.0_3.0.0.0__31bf3856ad364e35\System.Management.Automation.dll | Rules Matched: Suspicious_PowerShell_Loader
[23:09:42] Initial Yara scan complete. Scanned 11447 files, matched 69 files.
[23:09:42] Initial Yara scan finished. Continuing to monitor selected folders for file changes.
[23:09:55] Preparing Yara scan for: C:\Documents and Settings
[23:09:55] Initial Yara scan complete. Scanned 0 files, matched 0 files.
[23:09:55] Initial Yara scan finished. Continuing to monitor selected folders for file changes.
